---
urls:
  - "http://www.thesun.co.uk/sol/homepage/video/news/sky-news/5554371/Tories-back-Miller-despite-resignation-calls.html"
canonical_url: "http://www.thesun.co.uk/sol/homepage/video/news/sky-news/5554371/Tories-back-Miller-despite-resignation-calls.html"
headline: Tories back Miller despite resignation calls
published: 2014-04-06T13:52:11Z
updated: 2014-04-07T09:20:57Z
publication:
  name: The Sun
  domain: www.thesun.co.uk
#NOTE: it's a video
---
CONSERVATIVE Party chairman thinks Maria Miller should be "allowed to get on with her job", despite calls for her to resign
