---
canonical_url: http://news.ugo.co.ug/five-reasons-to-never-visit-rwanda/
urls:
- http://news.ugo.co.ug/five-reasons-to-never-visit-rwanda/
- http://news.ugo.co.ug/?p=69758
headline: Five Reasons To Never Visit Rwanda
published: 2015-12-12
updated: 2015-12-12
publication:
  domain: news.ugo.co.ug
---
<article><header><div><span>December 12, 2015 </span><span><a href="http://news.ugo.co.ug/tourism/">Tourism</a></span><span><a href="http://news.ugo.co.ug/five-reasons-to-never-visit-rwanda/#comments"><span>2</span></a></span><span>Admin</span><span></span></div>
</header><div><p><span></span><span></span><span></span><span></span><span></span><span></span></p>
<p>The land of a thousand hills is quite a bore if you ever thought about it. Kigali has been described as one of the most beautiful cities in the world by people who were obviously out of their minds. Here are a few reasons to never visit Rwanda.</p>
<p><a href="http://news.ugo.co.ug/wp-content/uploads/2015/12/5929724-e1449914950763.jpg"><img src="http://news.ugo.co.ug/wp-content/uploads/2015/12/5929724-e1449914950763.jpg" alt="5929724"/></a></p>
<p>The capital city is filthy. Kigali city is a dusty town, her streets are full of garbage and barely any buildings.</p>
<p><a href="http://news.ugo.co.ug/wp-content/uploads/2015/12/1420462704DSC_2446-e1449913576977.jpg"><img src="http://news.ugo.co.ug/wp-content/uploads/2015/12/1420462704DSC_2446-e1449913576977.jpg" alt="1420462704DSC_2446"/></a></p>
<p></p>
<p></p>
<p>Rwanda has no wildlife. There is no reason to visit a place that has no animals beside mosquitos and ants.</p>
<p><a href="http://news.ugo.co.ug/wp-content/uploads/2015/12/aaRwanda-Sabyinyo-3.jpg"><img src="http://news.ugo.co.ug/wp-content/uploads/2015/12/aaRwanda-Sabyinyo-3.jpg" alt="aaRwanda Sabyinyo-3"/></a></p>
<p></p>
<p></p>
<p>The Rwandan culture is really boring. Rwandan culture is not special and there is nothing interesting or beautiful about it.</p>
<p><a href="http://news.ugo.co.ug/wp-content/uploads/2015/12/tumblr_mubns6EGmb1sqgccho1_1280-e1449913800387.jpg"><img src="http://news.ugo.co.ug/wp-content/uploads/2015/12/tumblr_mubns6EGmb1sqgccho1_1280-e1449913800387.jpg" alt="tumblr_mubns6EGmb1sqgccho1_1280"/></a></p>
<p></p>
<p></p>
<p>There is nothing remarkable about this country. The Rwandan country side is flat and unattractive to look at.</p>
<p><a href="http://news.ugo.co.ug/wp-content/uploads/2015/12/Rwandan-landscape-1-e1449914028421.jpg"><img src="http://news.ugo.co.ug/wp-content/uploads/2015/12/Rwandan-landscape-1-e1449914028421.jpg" alt="Rwandan-landscape-1"/></a></p>
<p></p>
<p></p>
<p>The people are so cold and unwelcoming. If you are planning on visiting Rwanda get ready to be lonely and feel very unwelcome.</p>
<p><a href="http://news.ugo.co.ug/wp-content/uploads/2015/12/1421353874DSC_6761-e1449914197935.jpg"><img src="http://news.ugo.co.ug/wp-content/uploads/2015/12/1421353874DSC_6761-e1449914197935.jpg" alt="1421353874DSC_6761"/></a></p>
<p></p>
<p></p>
<p>Despite all these reasons, Jovago.com has a number of hotels listed all over Remarkable Rwanda.</p>
<p></p>
<span><h4>RELATED CONTENT</h4></span><p></p>
<p><strong>About Jovago</strong><br/>

Jovago.com is an online hotel booking service with offices in Lagos (Nigeria), Nairobi (Kenya), Dakar (Senegal) founded by Africa Internet Group and has MTN and Millicom as investors. Jovago.com, Africa’s No.1 booking portal, facilitates the booking process for its users to provide them with the best hotel booking experience with fast, transparent and easy-to-use services. Jovago.com has over 25,000 local hotel listings across Africa and over 200,000 hotels around the world.</p>
<p></p>
<p><span></span><span></span><span></span><span></span><span></span><span></span></p>
</div>
<span><ins></ins></span><br/>
<br/>
<div><div></div>
</div>
<footer></footer></article>
