---
urls:
  - "http://labourlist.org/2014/04/dennis-skinner-attacks-government-over-pit-closures/"
  - "http://wp.me/p3MWhS-duS"
canonical_url: "http://labourlist.org/2014/04/dennis-skinner-attacks-government-over-pit-closures/"
headline: Dennis Skinner attacks government over pit closures
published: 2014-04-10T15:34
updated: 2014-04-10T15:34
publication:
  - name: 
  - domain: labourlist.org
---
<div>
<p>Today it was announced that UK Coal plans to close two pits at Kellingley, North Yorkshire, and Thoresby, Nottinghamshire.</p>
<p><img alt="image_update_img" src="http://labourlist.org/wp-content/uploads/2014/04/image_update_img-500x281.jpg" width="350" height="200" /></p>
<p>Former miner and Bolsover MP Dennis Skinner took the government to tai over their handling of pit closures in the chamber this morning:</p>
</div>

